// Jest Snapshot v1, https://goo.gl/fbAQLP

exports[`pages/index.tsx renders homepage unchanged 1`] = `
<div>
  <header
    class="header"
  >
    <div
      class="title"
    >
      Oak
    </div>
    <form>
      <input
        aria-label="Search"
        placeholder="Search"
        type="search"
        value=""
      />
      <button
        type="submit"
      >
        Submit
      </button>
    </form>
  </header>
  <main
    class="main"
  >
    <h1
      data-testid="lesson-title"
    >
      Physics only review
    </h1>
  </main>
  <footer
    class="footer"
  >
    Â© Oak National Academy 
    2022
  </footer>
</div>
`;
