// Jest Snapshot v1, https://goo.gl/fbAQLP

exports[`renders search page unchanged 1`] = `
<div>
  <ul
    data-testid="search-results"
  >
    <li>
      The Tragedy of Macbeth
       - 
      <i>
        Key Stage 4
      </i>
    </li>
  </ul>
</div>
`;
