// Jest Snapshot v1, https://goo.gl/fbAQLP

exports[`renders <Layout> unchanged 1`] = `
<div>
  <header
    class="header"
  >
    <div>
      <span
        class="title"
      >
        Oak
      </span>
      <input
        placeholder="Search"
        type="text"
      />
    </div>
    <button />
  </header>
  <main
    class="main"
  />
  <footer
    class="footer"
  >
    Â© Oak National Academy 
    2022
  </footer>
</div>
`;
