// Jest Snapshot v1, https://goo.gl/fbAQLP

exports[`renders <VisuallyHidden> unchanged 1`] = `
<div>
  <div
    class="visuallyHidden"
  >
    Some text
  </div>
</div>
`;
